[tryengineering.org/profile/aerospace-engineering/index.html]
[tryengineering.org/wp-content/uploads/bigstock-d-Turbine-Hologram-In-Hud-Sty-352473650.jpg]
[s3.amazonaws.com/ieee-mkto-cross-domain/enterprise-page-code.js]
[app-ab24.marketo.com/js/forms2/js/forms2.min.js]
[backblue.gif]
[fade.gif]
[index.html]
[cdns.gigya.com/js/gigya49a2.js]
[tryengineering.org/wp-content/plugins/gtranslate/gtranslate-style161eb7.css]
[tryengineering.org/wp-content/plugins/mailchimp/css/flick/flick1eb7.css]
[tryengineering.org/wp-content/plugins/searchford/public/css/style1eb7.css]
[tryengineering.org/wp-content/plugins/searchford/public/css/custom1eb7.css]
[tryengineering.org/wp-includes/css/dist/block-library/style.min1eb7.css]
[tryengineering.org/wp-content/plugins/before-and-after/blocks/goal/style4b93.css]
[tryengineering.org/wp-content/plugins/before-and-after/blocks/complete-goal/style4b93.css]
[tryengineering.org/wp-content/plugins/browser-shots/dist/blocks.style.buildb34d.css]
[tryengineering.org/wp-content/plugins/before-and-after/include/lib/GP_Custom_Forms/assets/css/gp_custom_forms1eb7.css]
[tryengineering.org/wp-content/plugins/before-and-after/include/lib/GP_Custom_Forms/assets/rateit/rateit1eb7.css]
[tryengineering.org/wp-content/plugins/contact-form-7/includes/css/styles7e15.css]
[tryengineering.org/wp-content/plugins/popup-builder/public/css/theme3653.css]
[tryengineering.org/wp-content/plugins/js_composer/assets/lib/bower/font-awesome/css/font-awesome.min4245.css]
[tryengineering.org/wp-content/themes/ieee-eab/wp_knowledgebase/kbe_stylec412.css]
[tryengineering.org/wp-content/plugins/custom-facebook-feed-pro/assets/css/cff-style.min0235.css]
[maxcdn.bootstrapcdn.com/font-awesome/4.7.0/css/font-awesome.min1eb7.css]
[tryengineering.org/wp-content/themes/ieee-eab/css/libs/bootstrap.min1eb7.css]
[tryengineering.org/wp-content/themes/ieee-eab/css/libs/bootstrap-theme.min1eb7.css]
[tryengineering.org/wp-content/themes/ieee-eab/css/libs/bootstrap-select1eb7.css]
[tryengineering.org/wp-content/themes/ieee-eab/css/libs/bootstrap-multiselect1eb7.css]
[tryengineering.org/wp-content/themes/ieee-eab/css/styles7d34.css]
[tryengineering.org/wp-content/uploads/js_composer/js_composer_front_custom4245.css]
[tryengineering.org/wp-content/plugins/ubermenu/pro/assets/css/ubermenu.min9873.css]
[tryengineering.org/wp-content/plugins/ubermenu/assets/fontawesome/css/all.min1eb7.css]
[s3-us-west-2.amazonaws.com/ieeeshutpages/gdpr/settings.js]
[cdnjs.cloudflare.com/ajax/libs/cookieconsent2/3.0.3/cookieconsent.min.css]
[cdnjs.cloudflare.com/ajax/libs/cookieconsent2/3.0.3/cookieconsent.min.js]
[tryengineering.org/wp-content/uploads/cropped-favicon-32x32-32x32.png]
[tryengineering.org/wp-content/uploads/cropped-favicon-32x32-192x192.png]
[tryengineering.org/wp-content/uploads/cropped-favicon-32x32-180x180.png]
[tryengineering.org/wp-content/themes/ieee-eab/css/print.css]
[tryengineering.org/wp-content/themes/ieee-eab/admin/images/pdf-icon.png]
[tryengineering.org/wp-content/uploads/logo-1.png]
[tryengineering.org/wp-content/themes/ieee-eab/images/contact.png]
[engage.ieee.org/js/forms2/js/forms2.min.js]
[tryengineering.org/wp-content/uploads/bigstock-286266388-1024x563.jpg]
[tryengineering.org/wp-content/uploads/bigstock-Aircraft-Model-In-Wind-Tunnel-46224691-300x225.jpg]
[tryengineering.org/wp-content/uploads/bigstock-Spaceship-At-The-Launch-Site-I-310957969-263x300.jpg]
[tryengineering.org/wp-content/uploads/bigstock-Airplane-Is-Flying-Above-The-C-386544580-300x200.jpg]
[tryengineering.org/wp-content/uploads/womeninspace-234x300.jpg]
[tryengineering.org/wp-content/uploads/Picture1-4-234x300.jpg]
[tryengineering.org/wp-content/uploads/bigstock-planes-Routes-around-the-world-27034850-300x200.jpg]
[tryengineering.org/wp-content/themes/ieee-eab/images/facebook.png]
[tryengineering.org/wp-content/themes/ieee-eab/images/twitter.png]
[tryengineering.org/wp-content/themes/ieee-eab/images/googleplus.png]
[tryengineering.org/wp-content/themes/ieee-eab/images/linkedin.png]
[tryengineering.org/wp-content/themes/ieee-eab/images/pinterest.png]
[tryengineering.org/wp-content/uploads/bigstock-Air-Plane-Flying-Over-Airport-231264970-110x73.jpg]
[tryengineering.org/wp-content/uploads/bigstock-196989244_0-110x73.jpg]
[tryengineering.org/wp-content/uploads/bigstock-Golf-23693879-110x73.jpg]
[tryengineering.org/wp-content/uploads/c8ffa42608d207b934c64eef66113310-110x73.jpg]
[tryengineering.org/wp-content/uploads/a4716bb0e0aaa31fe8af0a36da23476b-110x73.jpg]
[tryengineering.org/wp-content/uploads/e410ac2dcd48bdf4cf1f052514969529-110x73.jpg]
[tryengineering.org/wp-content/uploads/bigstock-Several-Silicon-Wafers-With-Pr-399780998-110x73.jpg]
[tryengineering.org/wp-content/uploads/bigstock-Cars-For-Sale-Stock-Lot-Row-C-397963613-110x73.jpg]
[tryengineering.org/wp-content/uploads/bigstock-Power-Plant-Energy-Power-Stati-371174809-110x73.jpg]
[tryengineering.org/wp-content/uploads/Nasa-teaching-resources-110x73.jpg]
[tryengineering.org/wp-content/uploads/aviation1-110x73.jpg]
[tryengineering.org/wp-content/uploads/TryETuesdayCard-AESS.v1-110x73.jpg]
[tryengineering.org/wp-content/uploads/Station-Spacewalk-110x73.png]
[tryengineering.org/wp-content/uploads/Build-It-Yourself-Satellite-110x73.png]
[tryengineering.org/wp-content/themes/ieee-eab/images/f_logo_RGB-Blue_72.png]
[scontent-sea1-1.xx.fbcdn.net/v/t39.30808-1/300785412_499246775538074_3464575188523900764_nd97f.jpg]
[tryengineering.org/wp-content/plugins/custom-facebook-feed-pro/assets/img/placeholder.png]
[tryengineering.org/wp-includes/js/jquery/jquery.minaf6c.js]
[tryengineering.org/wp-includes/js/jquery/jquery-migrate.mind617.js]
[tryengineering.org/wp-content/plugins/mailchimp/js/scrollTo00e2.js]
[tryengineering.org/wp-includes/js/jquery/jquery.form.minb2f9.js]
[tryengineering.org/wp-content/plugins/mailchimp/js/mailchimp00e2.js]
[tryengineering.org/wp-includes/js/jquery/ui/core.min0028.js]
[tryengineering.org/wp-content/plugins/mailchimp/js/datepicker1eb7.js]
[tryengineering.org/wp-content/plugins/searchford/public/js/gridify.min1eb7.js]
[tryengineering.org/wp-content/plugins/searchford/public/js/searchford.min1eb7.js]
[tryengineering.org/wp-content/plugins/google-analytics-premium/assets/js/frontend-gtag.min9e64.js]
[tryengineering.org/wp-content/plugins/adrotate/library/jquery.adrotate.clicktracker.js]
[tryengineering.org/wp-content/plugins/before-and-after/include/lib/GP_Custom_Forms/assets/js/gp_custom_forms1eb7.js]
[tryengineering.org/wp-content/plugins/before-and-after/assets/js/before_and_after_fe1eb7.js]
[tryengineering.org/wp-includes/js/dist/vendor/regenerator-runtime.min3937.js]
[tryengineering.org/wp-includes/js/dist/vendor/wp-polyfill.min2c7c.js]
[tryengineering.org/wp-content/plugins/contact-form-7/includes/js/index7e15.js]
[tryengineering.org/wp-content/plugins/popup-builder/public/js/Popup3653.js]
[tryengineering.org/wp-content/plugins/popup-builder/public/js/PopupConfig3653.js]
[tryengineering.org/wp-content/plugins/popup-builder/public/js/PopupBuilder3653.js]
[tryengineering.org/wp-content/plugins/wp-knowledgebase/assets/js/jquery.livesearchc412.js]
[tryengineering.org/wp-content/plugins/custom-facebook-feed-pro/assets/js/cff-scripts.min0235.js]
[tryengineering.org/wp-content/themes/ieee-eab/js/libs/bootstrap.min1eb7.js]
[tryengineering.org/wp-content/themes/ieee-eab/js/libs/bootstrap-select1eb7.js]
[tryengineering.org/wp-content/themes/ieee-eab/js/libs/bootstrap-multiselect1eb7.js]
[tryengineering.org/wp-content/themes/ieee-eab/js/iframeResizer.minb192.js]
[tryengineering.org/wp-content/themes/ieee-eab/js/scriptsb135.js]
[tryengineering.org/wp-content/themes/ieee-eab/js/libs/retina.min1eb7.js]
[www.google.com/recaptcha/apic915.js]
[tryengineering.org/wp-content/plugins/contact-form-7/modules/recaptcha/index7e15.js]
[tryengineering.org/wp-content/plugins/ubermenu/assets/js/ubermenu.min9873.js]
[tryengineering.org/wp-content/plugins/ubermenu/custom/custom9873.js]
[tryengineering.org/wp-content/plugins/js_composer/assets/js/dist/js_composer_front.min4245.js]
[tryengineering.org/wp-content/plugins/js_composer/assets/lib/vc_accordion/vc-accordion.min4245.js]
[tryengineering.org/wp-content/plugins/js_composer/assets/lib/vc-tta-autoplay/vc-tta-autoplay.min4245.js]
[tryengineering.org/wp-content/plugins/wp-knowledgebase/template-legacy/images/kbe_icon-plus.png]
[tryengineering.org/wp-content/plugins/wp-knowledgebase/template-legacy/images/kbe_icon-minus.png]
[tryengineering.org/wp-content/plugins/js_composer/assets/css/js_composer_tta.min4245.css]
[tryengineering.org/wp-content/themes/ieee-eab/images/butter-fly-logo.png]
[tryengineering.org/profile/aerospace-engineering/index.html]
[tryengineering.org/profile/aerospace-engineering/jquery.build.js]
[tryengineering.org/profile/aerospace-engineering/ABCDEFGHIJKLMNOPQRSTUVWXYZabcdefghijklmnopqrstuvwxyz0123456789+/index.html]
[tryengineering.org/profile/aerospace-engineering/jquery.js]
[tryengineering.org/profile/aerospace-engineering/comparators.js]
[tryengineering.org/profile/aerospace-engineering/fields/fieldhelpers.js]
[tryengineering.org/profile/jquery.js]
[tryengineering.org/profile/aerospace-engineering/fieldHelpers.js]
[tryengineering.org/profile/aerospace-engineering/measure.js]
[tryengineering.org/profile/aerospace-engineering/yepnope.js]
[tryengineering.org/profile/aerospace-engineering/fields/fieldHelpers.js]
[tryengineering.org/profile/aerospace-engineering/modernizr.js]
[app-ab24.marketo.com/js/forms2/js/forms2.min.js]
[tryengineering.org/wp-content/plugins/gtranslate/16.png]
[tryengineering.org/wp-content/plugins/gtranslate/16a.png]
[tryengineering.org/wp-content/plugins/gtranslate/alt_flags.png]
[tryengineering.org/wp-content/plugins/gtranslate/alt_flagsa.png]
[tryengineering.org/wp-content/plugins/gtranslate/gtranslate-style161eb7.css]
[tryengineering.org/wp-content/plugins/mailchimp/css/flick/images/ui-bg_flat_75_ffffff_40x100.png]
[tryengineering.org/wp-content/plugins/mailchimp/css/flick/images/ui-bg_highlight-soft_50_dddddd_1x100.png]
[tryengineering.org/wp-content/plugins/mailchimp/css/flick/images/ui-bg_highlight-soft_100_f6f6f6_1x100.png]
[tryengineering.org/wp-content/plugins/mailchimp/css/flick/images/ui-bg_highlight-soft_25_0073ea_1x100.png]
[tryengineering.org/wp-content/plugins/mailchimp/css/flick/images/ui-bg_glass_65_ffffff_1x400.png]
[tryengineering.org/wp-content/plugins/mailchimp/css/flick/images/ui-bg_flat_55_ffffff_40x100.png]
[tryengineering.org/wp-content/plugins/mailchimp/css/flick/images/ui-icons_ff0084_256x240.png]
[tryengineering.org/wp-content/plugins/mailchimp/css/flick/images/ui-icons_0073ea_256x240.png]
[tryengineering.org/wp-content/plugins/mailchimp/css/flick/images/ui-icons_666666_256x240.png]
[tryengineering.org/wp-content/plugins/mailchimp/css/flick/images/ui-icons_ffffff_256x240.png]
[tryengineering.org/wp-content/plugins/mailchimp/css/flick/images/ui-icons_454545_256x240.png]
[tryengineering.org/wp-content/plugins/mailchimp/css/flick/images/ui-bg_flat_0_eeeeee_40x100.png]
[tryengineering.org/wp-content/plugins/mailchimp/css/flick/images/ui-bg_flat_0_aaaaaa_40x100.png]
[tryengineering.org/wp-content/plugins/mailchimp/css/flick/flick1eb7.css]
[tryengineering.org/wp-content/plugins/searchford/public/css/style1eb7.css]
[tryengineering.org/wp-content/plugins/searchford/public/css/custom1eb7.css]
[tryengineering.org/wp-includes/css/dist/block-library/style.min1eb7.css]
[tryengineering.org/wp-content/plugins/before-and-after/blocks/goal/style4b93.css]
[tryengineering.org/wp-content/plugins/before-and-after/blocks/complete-goal/style4b93.css]
[tryengineering.org/wp-content/plugins/browser-shots/dist/blocks.style.buildb34d.css]
[tryengineering.org/wp-content/plugins/before-and-after/include/lib/GP_Custom_Forms/assets/css/gp_custom_forms1eb7.css]
[tryengineering.org/wp-content/plugins/before-and-after/include/lib/GP_Custom_Forms/assets/rateit/star.gif]
[tryengineering.org/wp-content/plugins/before-and-after/include/lib/GP_Custom_Forms/assets/rateit/delete.gif]
[tryengineering.org/wp-content/plugins/before-and-after/include/lib/GP_Custom_Forms/assets/rateit/rateit1eb7.css]
[tryengineering.org/wp-content/plugins/contact-form-7/includes/css/styles7e15.css]
[tryengineering.org/wp-content/plugins/popup-builder/public/css/theme3653.css]
[tryengineering.org/wp-content/plugins/js_composer/assets/lib/bower/font-awesome/css/font-awesome.min4245.css]
[tryengineering.org/wp-content/themes/ieee-eab/wp_knowledgebase/images/kbe_search_btn.png]
[tryengineering.org/wp-content/themes/ieee-eab/wp_knowledgebase/images/article.svg]
[tryengineering.org/wp-content/themes/ieee-eab/wp_knowledgebase/images/angle-right.svg]
[tryengineering.org/wp-content/themes/ieee-eab/wp_knowledgebase/images/kbe_icon_tag.png]
[tryengineering.org/wp-content/themes/ieee-eab/wp_knowledgebase/kbe_stylec412.css]
[tryengineering.org/wp-content/themes/ieee-eab/wp_knowledgebase/images/tag.svg]
[tryengineering.org/wp-content/plugins/custom-facebook-feed-pro/assets/img/cff-sprite.png]
[tryengineering.org/wp-content/plugins/custom-facebook-feed-pro/assets/css/cff-style.min0235.css]
[maxcdn.bootstrapcdn.com/font-awesome/4.7.0/css/font-awesome.min1eb7.css]
[tryengineering.org/wp-content/themes/ieee-eab/css/libs/bootstrap.min1eb7.css]
[tryengineering.org/wp-content/themes/ieee-eab/css/libs/bootstrap-theme.min1eb7.css]
[tryengineering.org/wp-content/themes/ieee-eab/css/libs/bootstrap-select1eb7.css]
[tryengineering.org/wp-content/themes/ieee-eab/css/libs/bootstrap-multiselect1eb7.css]
[tryengineering.org/wp-content/themes/ieee-eab/images/web-3706563_1920.jpg]
[tryengineering.org/wp-content/themes/ieee-eab/images/teacher-arrow.png]
[tryengineering.org/wp-content/themes/ieee-eab/images/askexpert-banner.jpg]
[tryengineering.org/wp-content/themes/ieee-eab/images/cross.png]
[tryengineering.org/wp-content/themes/ieee-eab/images/gear-option.png]
[tryengineering.org/wp-content/themes/ieee-eab/css/styles7d34.css]
[tryengineering.org/wp-content/plugins/js_composer/assets/vc/alert.png]
[tryengineering.org/wp-content/plugins/js_composer/assets/vc/info.png]
[tryengineering.org/wp-content/plugins/js_composer/assets/vc/tick.png]
[tryengineering.org/wp-content/plugins/js_composer/assets/vc/exclamation.png]
[tryengineering.org/wp-content/plugins/js_composer/assets/images/icons/address-book.png]
[tryengineering.org/wp-content/plugins/js_composer/assets/images/icons/alarm-clock.png]
[tryengineering.org/wp-content/plugins/js_composer/assets/images/icons/anchor.png]
[tryengineering.org/wp-content/plugins/js_composer/assets/images/icons/application-image.png]
[tryengineering.org/wp-content/plugins/js_composer/assets/images/icons/arrow.png]
[tryengineering.org/wp-content/plugins/js_composer/assets/images/icons/asterisk.png]
[tryengineering.org/wp-content/plugins/js_composer/assets/images/icons/auction-hammer.png]
[tryengineering.org/wp-content/plugins/js_composer/assets/images/icons/balloon.png]
[tryengineering.org/wp-content/plugins/js_composer/assets/images/icons/balloon-buzz.png]
[tryengineering.org/wp-content/plugins/js_composer/assets/images/icons/balloon-facebook.png]
[tryengineering.org/wp-content/plugins/js_composer/assets/images/icons/balloon-twitter.png]
[tryengineering.org/wp-content/plugins/js_composer/assets/images/icons/battery-full.png]
[tryengineering.org/wp-content/plugins/js_composer/assets/images/icons/binocular.png]
[tryengineering.org/wp-content/plugins/js_composer/assets/images/icons/blue-document-excel.png]
[tryengineering.org/wp-content/plugins/js_composer/assets/images/icons/blue-document-image.png]
[tryengineering.org/wp-content/plugins/js_composer/assets/images/icons/blue-document-music.png]
[tryengineering.org/wp-content/plugins/js_composer/assets/images/icons/blue-document-office.png]
[tryengineering.org/wp-content/plugins/js_composer/assets/images/icons/blue-document-pdf.png]
[tryengineering.org/wp-content/plugins/js_composer/assets/images/icons/blue-document-powerpoint.png]
[tryengineering.org/wp-content/plugins/js_composer/assets/images/icons/blue-document-word.png]
[tryengineering.org/wp-content/plugins/js_composer/assets/images/icons/bookmark.png]
[tryengineering.org/wp-content/plugins/js_composer/assets/images/icons/camcorder.png]
[tryengineering.org/wp-content/plugins/js_composer/assets/images/icons/camera.png]
[tryengineering.org/wp-content/plugins/js_composer/assets/images/icons/chart.png]
[tryengineering.org/wp-content/plugins/js_composer/assets/images/icons/chart-pie.png]
[tryengineering.org/wp-content/plugins/js_composer/assets/images/icons/clock.png]
[tryengineering.org/wp-content/plugins/js_composer/assets/images/icons/control.png]
[tryengineering.org/wp-content/plugins/js_composer/assets/images/icons/fire.png]
[tryengineering.org/wp-content/plugins/js_composer/assets/images/icons/heart.png]
[tryengineering.org/wp-content/plugins/js_composer/assets/images/icons/mail.png]
[tryengineering.org/wp-content/plugins/js_composer/assets/images/icons/plus-shield.png]
[tryengineering.org/wp-content/plugins/js_composer/assets/images/icons/video.png]
[tryengineering.org/wp-content/plugins/js_composer/assets/images/toggle_open.png]
[tryengineering.org/wp-content/plugins/js_composer/assets/images/toggle_close.png]
[tryengineering.org/wp-content/plugins/js_composer/assets/images/flickr.png]
[tryengineering.org/wp-content/plugins/js_composer/assets/images/spinner.gif]
[tryengineering.org/wp-content/plugins/js_composer/assets/vc/remove.png]
[tryengineering.org/wp-content/uploads/js_composer/js_composer_front_custom4245.css]
[tryengineering.org/wp-content/plugins/ubermenu/pro/assets/css/ubermenu.min9873.css]
[tryengineering.org/wp-content/plugins/ubermenu/assets/fontawesome/css/all.min1eb7.css]
[cdnjs.cloudflare.com/ajax/libs/cookieconsent2/3.0.3/cookieconsent.min.css]
[tryengineering.org/wp-content/themes/ieee-eab/css/print.css]
[engage.ieee.org/js/forms2/js/forms2.min.js]
[tryengineering.org/wp-content/plugins/js_composer/assets/css/js_composer_tta.min4245.css]
[tryengineering.org/profile/aerospace-engineering/ABCDEFGHIJKLMNOPQRSTUVWXYZabcdefghijklmnopqrstuvwxyz0123456789+/index.html]
[tryengineering.org/profile/aerospace-engineering/jquery.build.html]
[tryengineering.org/profile/aerospace-engineering/jquery.html]
[tryengineering.org/profile/aerospace-engineering/comparators.html]
[tryengineering.org/profile/aerospace-engineering/fields/fieldhelpers.html]
[tryengineering.org/profile/jquery.html]
[tryengineering.org/profile/aerospace-engineering/fieldHelpers.html]
[tryengineering.org/profile/aerospace-engineering/measure.html]
[tryengineering.org/profile/aerospace-engineering/yepnope.html]
[tryengineering.org/profile/aerospace-engineering/fields/fieldHelpers-2.html]
[tryengineering.org/profile/aerospace-engineering/modernizr.html]
[tryengineering.org/wp-content/themes/ieee-eab/wp_knowledgebase/images/article.svg]
[tryengineering.org/wp-content/themes/ieee-eab/wp_knowledgebase/images/angle-right.svg]
[tryengineering.org/wp-content/themes/ieee-eab/wp_knowledgebase/images/kbe_icon_tag.html]
[tryengineering.org/wp-content/themes/ieee-eab/wp_knowledgebase/images/tag.svg]
